2
..............................................
----------------------------------------------
----------------------------------------------
----------------------------------------------
----------------------------------------------
----------------------------------------------
----------------------------------------------
----------------------------------------------
----------------------------------------------
----------------------------------------------
----------------------------------------------
----------------------------------------------
----------------------------------------------
----------------------------------------------
----------------------------------------------
----------------------------------------------

xxxxxxxxxxxxxxxxxxxxxxxxxxxxxxxxxxxxxxxxxxxxxx
xD-c-rr---xx-------x----x--------------------x
xW---bb---x-x------x-------------------------x
xBSF0rb-c-x-----c----------------------------x
xgggg-g-xxxx---xxxxx-------------------------x
x-g-------x-R==------------------------------x
x---------xx|x----------x--------------------x
x-----l-----|-----------x--------------------x
x-==========/-x----x-------------------------x
x-x--xlll-x----xxxxx-------------------------x
xx------l-x----------------------------------x
xxxllllll-x-----xxxx-------------------------x
x-------x-x-x--xx--x----x--------------------x
x--xxx----------xxxx----x--------------------x
x-----------------------x--------------------x
x-----------------------x--------------------x
xxxxxxxxxxxxxxxxxxxxxxxxxxxxxxxxxxxxxxxxxxxxxx

c objects/zap0.png
. objects/space.png
x objects/block2.png
- objects/ground0.png
= objects/groundgrass.png
/ objects/groundgrassLU.png
| objects/groundgrassBU.png
R objects/groundgrassBR.png
l objects/stolb.png
g objects/grass.png
b objects/cube1.png
r objects/rock.png
D objects/cloud0.png
W objects/wood0.png
B objects/block0.png
S objects/staff0.png
F objects/fish.png
0 objects/apple.png

