2
..............................................
----------------------------------------------
----------------------------------------------
----------------------------------------------
----------------------------------------------
----------------------------------------------
----------------------------------------------
----------------------------------------------
----------------------------------------------
----------------------------------------------
----------------------------------------------
----------------------------------------------
----------------------------------------------
----------------------------------------------
----------------------------------------------
----------------------------------------------

xxxxxxxxxxxxxxxxxxxxxxxxxxxxxxxxxxxxxxxxxxxxxx
x--c------xx-------x----x--------------------x
x---------x-x------x-------------------------x
x-------c-x-----c----------------------------x
xxxxx---xxxx---xxxxx-------------------------x
x---------x----------------------------------x
x---------xxxx----------x--------------------x
x-----l-----------------x--------------------x
x-----l-------x----x-------------------------x
x-x--xlll-x----xxxxx-------------------------x
xx------l-x----------------------------------x
xxxllllll-x-----xxxx-------------------------x
x-------x-x-x--xx--x----x--------------------x
x--xxx----------xxxx----x--------------------x
x-----------------------x--------------------x
x-----------------------x--------------------x
xxxxxxxxxxxxxxxxxxxxxxxxxxxxxxxxxxxxxxxxxxxxxx

c objects/zap0.png
- objects/ground0.png
x objects/block2.png
l objects/stolb.png
. objects/space.png

