2
..............................................
______________________________________________
______________________________________________
______________________________________________
______________________________________________
______________________________________________
______________________________________________
______________________________________________
______________________________________________
______________________________________________
______________________________________________
______________________________________________
______________________________________________
______________________________________________
______________________________________________
______________________________________________
______________________________________________
______________________________________________

xxxxxxxxxxxxxxxxxxxxxxxxxxxxxxxxxxxxxxxxxxxxxx
xD_c_rr___xx_______x____x____________________x
xW_A_bb___x_x______x___k_____________________x
xBSFAAAAc_x_____c______k_____________________x
xggWFCWFCxxx___xxxxx___k_____________________x
x_g____A__x_R===L_ss___k_____________________x
x______A__xx|x_E/_ssssskx____________________x
x_____l_____|__________kx____________________x
x_E=========/_x____x___k_____________________x
x_x__xlll_x____xxxxx___k_____________________x
xx______l_x____________k_____________________x
xxxllllll_x_____xxxx_________________________x
x_______x_x_x__xx__x____x____________________x
x__xxx__________xxxx____x____________________x
x_______________________x____________________x
x_______________________x____________________x
xxxxxxxxxxxxxxxxxxxxxxxxxxxxxxxxxxxxxxxxxxxxxx

apple
stonewall
ground0
fish
cherry
wood
endObjectNames

c objects/zap0.png
. objects/space.png
x objects/block2.png
_ objects/ground0.png
= objects/groundgrass.png
/ objects/groundgrassLU.png
| objects/groundgrassBU.png
R objects/groundgrassBR.png
E objects/groundgrassER.png
L objects/groundgrassLB.png
l objects/stolb.png
g objects/grass.png
b objects/cube1.png
r objects/rock.png
D objects/cloud0.png
W objects/wood0.png
B objects/block0.png
S objects/staff0.png
F objects/fish.png
0 objects/apple.png
k objects/rockL.png
s objects/groundstone.png

