2
ffffffffffffffffffffffffffffff
ffffffffffffffffffffffffffffff
ffffffffffffffffffffffffffffff
ffffffffffffffffffffffffffffff
ffffffffffffffffffffffffffffff
ffffffffffffffffffffffffffffff
ffffffffffffffffffffffffffffff
ffffffffffffffffffffffffffffff
ffffffffffffffffffffffffffffff
ffffffffffffffffffffffffffffff
ffffffffffffffffffffffffffffff
ffffffffffffffffffffffffffffff
ffffffffffffffffffffffffffffff
ffffffffffffffffffffffffffffff
ffffffffffffffffffffffffffffff
ffffffffffffffffffffffffffffff
ffffffffffffffffffffffffffffff
ffffffffffffffffffffffffffffff
ffffffffffffffffffffffffffffff
ffffffffffffffffffffffffffffff
ffffffffffffffffffffffffffffff
ffffffffffffffffffffffffffffff
ffffffffffffffffffffffffffffff
ffffffffffffffffffffffffffffff
ffffffffffffffffffffffffffffff
ffffffffffffffffffffffffffffff
ffffffffffffffffffffffffffffff
ffffffffffffffffffffffffffffff
ffffffffffffffffffffffffffffff
ffffffffffffffffffffffffffffff

xxxxxxxxxxxxxxxxxxxxxxxxxxxxxx
xxxxx        xxxxxxT Txxxxxxxx
xxxx         Txxxxx   xxxxxxxx
xx           xxxxxxxxxx Txxxxx
x           xxxxxxxxxx   xxxxx
xT          xxxxxxxxxx   xxxxx
xxx         xxxxxT Txx    xxxx
xxxx        xxxxx   xxx    Txx
xxxxxxx      xxxx   xxx     xx
xxxxxxxxx      xxT xxxx     xx
xxxxx   x      TxxxxxxxT   Txx
xxxx           xxxxxxxxxxxxxxx
xxx       ~    xxxxxxxxxxxxxxx
xxxT xxx        xxTxxxxTxxxxxx
xxxxxxxxx           xx     Txx
xxxxxxxxxx          xxx     xx
xxxxxxxxxx          xxx    xxx
xxxxxxxxx            x     xxx
xxxxxxxT                    xx
xxT xxx                     xx
xx  Txx                     xx
xx  xxx                     xx
x  xxx                      xx
xT xxxT                     xx
xxxxxxxxxx            xxx  xxx
xxxxxxxxxxx         xxxxxxxxxx
xxxxxxxxxxxx        xxxxxxxxxx
xxxxxxxxxxxxxx     Txxxxxxxxxx
xxxxxxxxxxxxxxxxxxxxxxxxxxxxxx
xxxxxxxxxxxxxxxxxxxxxxxxxxxxxx

floor
ground
endObjectNames
