2
......................................
______________________________________
______________________________________
______________________________________
______________________________________
______________________________________
______________________________________
______________________________________
______________________________________
______________________________________
______________________________________
______________________________________
______________________________________
______________________________________
______________________________________
______________________________________

xxxxxxxxxxxxxxxxxxxxxxxxxxxxxxxxxxxxxx
x____________________________________x
x___xxxxxxxxxxxxxxx__________________x
x___xB____B____B__x__________________x
x___x_xxxxxxxxxx__x__________________x
x___xBx____x______x__________________x
x___x_x____x__BB__x__________________x
xxxxx_xxxx_x__BB__x__________________x
xP_AC__T_x_x_______x_________________x
x________x_xxxxx_____________________x
x____BG__x___________________________x
x_~______x___________________________x
xxxxxxxxxxxxxxxxxxxxxxxxxxxxxxxxxxxxxx

apple
stonewall
ground0
fish
cherry
wood
portal
tree
stolb
wtf
enemy_poringp
enemy_poringb
endObjectNames

